// Jest Snapshot v1, https://goo.gl/fbAQLP

exports[`wordReplacerAlgorithm expect to return correct value with hundred dom element 1`] = `"<div>arancina<div>arancina<div>arancina<div>arancina<div>arancina<div>arancina<div>arancina<div>arancina<div>arancina<div>arancina<div>arancina<div>arancina<div>arancina<div>arancina<div>arancina<div>arancina<div>arancina<div>arancina<div>arancina<div>arancina<div>arancina<div>arancina<div>arancina<div>arancina<div>arancina<div>arancina<div>arancina<div>arancina<div>arancina<div>arancina<div>arancina<div>arancina<div>arancina<div>arancina<div>arancina<div>arancina<div>arancina<div>arancina<div>arancina<div>arancina<div>arancina<div>arancina<div>arancina<div>arancina<div>arancina<div>arancina<div>arancina<div>arancina<div>arancina<div>arancina<div>arancina<div>arancina<div>arancina<div>arancina<div>arancina<div>arancina<div>arancina<div>arancina<div>arancina<div>arancina<div>arancina<div>arancina<div>arancina<div>arancina<div>arancina<div>arancina<div>arancina<div>arancina<div>arancina<div>arancina<div>arancina<div>arancina<div>arancina<div>arancina<div>arancina<div>arancina<div>arancina<div>arancina<div>arancina<div>arancina<div>arancina<div>arancina<div>arancina<div>arancina<div>arancina<div>arancina<div>arancina<div>arancina<div>arancina<div>arancina<div>arancina<div>arancina<div>arancina<div>arancina<div>arancina<div>arancina<div>arancina<div>arancina<div>arancina<div>arancina</div></div></div></div></div></div></div></div></div></div></div></div></div></div></div></div></div></div></div></div></div></div></div></div></div></div></div></div></div></div></div></div></div></div></div></div></div></div></div></div></div></div></div></div></div></div></div></div></div></div></div></div></div></div></div></div></div></div></div></div></div></div></div></div></div></div></div></div></div></div></div></div></div></div></div></div></div></div></div></div></div></div></div></div></div></div></div></div></div></div></div></div></div></div></div></div></div></div></div></div>"`;

exports[`wordReplacerAlgorithm expect to return correct value with thousand dom element 1`] = `"<div>arancina<div>arancina<div>arancina<div>arancina<div>arancina<div>arancina<div>arancina<div>arancina<div>arancina<div>arancina<div>arancina<div>arancina<div>arancina<div>arancina<div>arancina<div>arancina<div>arancina<div>arancina<div>arancina<div>arancina<div>arancina<div>arancina<div>arancina<div>arancina<div>arancina<div>arancina<div>arancina<div>arancina<div>arancina<div>arancina<div>arancina<div>arancina<div>arancina<div>arancina<div>arancina<div>arancina<div>arancina<div>arancina<div>arancina<div>arancina<div>arancina<div>arancina<div>arancina<div>arancina<div>arancina<div>arancina<div>arancina<div>arancina<div>arancina<div>arancina<div>arancina<div>arancina<div>arancina<div>arancina<div>arancina<div>arancina<div>arancina<div>arancina<div>arancina<div>arancina<div>arancina<div>arancina<div>arancina<div>arancina<div>arancina<div>arancina<div>arancina<div>arancina<div>arancina<div>arancina<div>arancina<div>arancina<div>arancina<div>arancina<div>arancina<div>arancina<div>arancina<div>arancina<div>arancina<div>arancina<div>arancina<div>arancina<div>arancina<div>arancina<div>arancina<div>arancina<div>arancina<div>arancina<div>arancina<div>arancina<div>arancina<div>arancina<div>arancina<div>arancina<div>arancina<div>arancina<div>arancina<div>arancina<div>arancina<div>arancina<div>arancina<div>arancina<div>arancina<div>arancina<div>arancina<div>arancina<div>arancina<div>arancina<div>arancina<div>arancina<div>arancina<div>arancina<div>arancina<div>arancina<div>arancina<div>arancina<div>arancina<div>arancina<div>arancina<div>arancina<div>arancina<div>arancina<div>arancina<div>arancina<div>arancina<div>arancina<div>arancina<div>arancina<div>arancina<div>arancina<div>arancina<div>arancina<div>arancina<div>arancina<div>arancina<div>arancina<div>arancina<div>arancina<div>arancina<div>arancina<div>arancina<div>arancina<div>arancina<div>arancina<div>arancina<div>arancina<div>arancina<div>arancina<div>arancina<div>arancina<div>arancina<div>arancina<div>arancina<div>arancina<div>arancina<div>arancina<div>arancina<div>arancina<div>arancina<div>arancina<div>arancina<div>arancina<div>arancina<div>arancina<div>arancina<div>arancina<div>arancina<div>arancina<div>arancina<div>arancina<div>arancina<div>arancina<div>arancina<div>arancina<div>arancina<div>arancina<div>arancina<div>arancina<div>arancina<div>arancina<div>arancina<div>arancina<div>arancina<div>arancina<div>arancina<div>arancina<div>arancina<div>arancina<div>arancina<div>arancina<div>arancina<div>arancina<div>arancina<div>arancina<div>arancina<div>arancina<div>arancina<div>arancina<div>arancina<div>arancina<div>arancina<div>arancina<div>arancina<div>arancina<div>arancina<div>arancina<div>arancina<div>arancina<div>arancina<div>arancina<div>arancina<div>arancina<div>arancina<div>arancina<div>arancina<div>arancina<div>arancina<div>arancina<div>arancina<div>arancina<div>arancina<div>arancina<div>arancina<div>arancina<div>arancina<div>arancina<div>arancina<div>arancina<div>arancina<div>arancina<div>arancina<div>arancina<div>arancina<div>arancina<div>arancina<div>arancina<div>arancina<div>arancina<div>arancina<div>arancina<div>arancina<div>arancina<div>arancina<div>arancina<div>arancina<div>arancina<div>arancina<div>arancina<div>arancina<div>arancina<div>arancina<div>arancina<div>arancina<div>arancina<div>arancina<div>arancina<div>arancina<div>arancina<div>arancina<div>arancina<div>arancina<div>arancina<div>arancina<div>arancina<div>arancina<div>arancina<div>arancina<div>arancina<div>arancina<div>arancina<div>arancina<div>arancina<div>arancina<div>arancina<div>arancina<div>arancina<div>arancina<div>arancina<div>arancina<div>arancina<div>arancina<div>arancina<div>arancina<div>arancina<div>arancina<div>arancina<div>arancina<div>arancina<div>arancina<div>arancina<div>arancina<div>arancina<div>arancina<div>arancina<div>arancina<div>arancina<div>arancina<div>arancina<div>arancina<div>arancina<div>arancina<div>arancina<div>arancina<div>arancina<div>arancina<div>arancina<div>arancina<div>arancina<div>arancina<div>arancina<div>arancina<div>arancina<div>arancina<div>arancina<div>arancina<div>arancina<div>arancina<div>arancina<div>arancina<div>arancina<div>arancina<div>arancina<div>arancina<div>arancina<div>arancina<div>arancina<div>arancina<div>arancina<div>arancina<div>arancina<div>arancina<div>arancina<div>arancina<div>arancina<div>arancina<div>arancina<div>arancina<div>arancina<div>arancina<div>arancina<div>arancina<div>arancina<div>arancina<div>arancina<div>arancina<div>arancina<div>arancina<div>arancina<div>arancina<div>arancina<div>arancina<div>arancina<div>arancina<div>arancina<div>arancina<div>arancina<div>arancina<div>arancina<div>arancina<div>arancina<div>arancina<div>arancina<div>arancina<div>arancina<div>arancina<div>arancina<div>arancina<div>arancina<div>arancina<div>arancina<div>arancina<div>arancina<div>arancina<div>arancina<div>arancina<div>arancina<div>arancina<div>arancina<div>arancina<div>arancina<div>arancina<div>arancina<div>arancina<div>arancina<div>arancina<div>arancina<div>arancina<div>arancina<div>arancina<div>arancina<div>arancina<div>arancina<div>arancina<div>arancina<div>arancina<div>arancina<div>arancina<div>arancina<div>arancina<div>arancina<div>arancina<div>arancina<div>arancina<div>arancina<div>arancina<div>arancina<div>arancina<div>arancina<div>arancina<div>arancina<div>arancina<div>arancina<div>arancina<div>arancina<div>arancina<div>arancina<div>arancina<div>arancina<div>arancina<div>arancina<div>arancina<div>arancina<div>arancina<div>arancina<div>arancina<div>arancina<div>arancina<div>arancina<div>arancina<div>arancina<div>arancina<div>arancina<div>arancina<div>arancina<div>arancina<div>arancina<div>arancina<div>arancina<div>arancina<div>arancina<div>arancina<div>arancina<div>arancina<div>arancina<div>arancina<div>arancina<div>arancina<div>arancina<div>arancina<div>arancina<div>arancina<div>arancina<div>arancina<div>arancina<div>arancina<div>arancina<div>arancina<div>arancina<div>arancina<div>arancina<div>arancina<div>arancina<div>arancina<div>arancina<div>arancina<div>arancina<div>arancina<div>arancina<div>arancina<div>arancina<div>arancina<div>arancina<div>arancina<div>arancina<div>arancina<div>arancina<div>arancina<div>arancina<div>arancina<div>arancina<div>arancina<div>arancina<div>arancina<div>arancina<div>arancina<div>arancina<div>arancina<div>arancina<div>arancina<div>arancina<div>arancina<div>arancina<div>arancina<div>arancina<div>arancina<div>arancina<div>arancina<div>arancina<div>arancina<div>arancina<div>arancina<div>arancina<div>arancina<div>arancina<div>arancina<div>arancina<div>arancina<div>arancina<div>arancina<div>arancina<div>arancina<div>arancina<div>arancina<div>arancina<div>arancina<div>arancina<div>arancina<div>arancina<div>arancina<div>arancina<div>arancina<div>arancina<div>arancina<div>arancina<div>arancina<div>arancina<div>arancina<div>arancina<div>arancina<div>arancina<div>arancina<div>arancina<div>arancina<div>arancina<div>arancina<div>arancina<div>arancina<div>arancina<div>arancina<div>arancina<div>arancina<div>arancina<div>arancina<div>arancina<div>arancina<div>arancina<div>arancina<div>arancina<div>arancina<div>arancina<div>arancina<div>arancina<div>arancina<div>arancina<div>arancina<div>arancina<div>arancina<div>arancina<div>arancina<div>arancina<div>arancina<div>arancina<div>arancina<div>arancina<div>arancina<div>arancina<div>arancina<div>arancina<div>arancina<div>arancina<div>arancina<div>arancina<div>arancina<div>arancina<div>arancina<div>arancina<div>arancina<div>arancina<div>arancina<div>arancina<div>arancina<div>arancina<div>arancina<div>arancina<div>arancina<div>arancina<div>arancina<div>arancina<div>arancina<div>arancina<div>arancina<div>arancina<div>arancina<div>arancina<div>arancina<div>arancina<div>arancina<div>arancina<div>arancina<div>arancina<div>arancina<div>arancina<div>arancina<div>arancina<div>arancina<div>arancina<div>arancina<div>arancina<div>arancina<div>arancina<div>arancina<div>arancina<div>arancina<div>arancina<div>arancina<div>arancina<div>arancina<div>arancina<div>arancina<div>arancina<div>arancina<div>arancina<div>arancina<div>arancina<div>arancina<div>arancina<div>arancina<div>arancina<div>arancina<div>arancina<div>arancina<div>arancina<div>arancina<div>arancina<div>arancina<div>arancina<div>arancina<div>arancina<div>arancina<div>arancina<div>arancina<div>arancina<div>arancina<div>arancina<div>arancina<div>arancina<div>arancina<div>arancina<div>arancina<div>arancina<div>arancina<div>arancina<div>arancina<div>arancina<div>arancina<div>arancina<div>arancina<div>arancina<div>arancina<div>arancina<div>arancina<div>arancina<div>arancina<div>arancina<div>arancina<div>arancina<div>arancina<div>arancina<div>arancina<div>arancina<div>arancina<div>arancina<div>arancina<div>arancina<div>arancina<div>arancina<div>arancina<div>arancina<div>arancina<div>arancina<div>arancina<div>arancina<div>arancina<div>arancina<div>arancina<div>arancina<div>arancina<div>arancina<div>arancina<div>arancina<div>arancina<div>arancina<div>arancina<div>arancina<div>arancina<div>arancina<div>arancina<div>arancina<div>arancina<div>arancina<div>arancina<div>arancina<div>arancina<div>arancina<div>arancina<div>arancina<div>arancina<div>arancina<div>arancina<div>arancina<div>arancina<div>arancina<div>arancina<div>arancina<div>arancina<div>arancina<div>arancina<div>arancina<div>arancina<div>arancina<div>arancina<div>arancina<div>arancina<div>arancina<div>arancina<div>arancina<div>arancina<div>arancina<div>arancina<div>arancina<div>arancina<div>arancina<div>arancina<div>arancina<div>arancina<div>arancina<div>arancina<div>arancina<div>arancina<div>arancina<div>arancina<div>arancina<div>arancina<div>arancina<div>arancina<div>arancina<div>arancina<div>arancina<div>arancina<div>arancina<div>arancina<div>arancina<div>arancina<div>arancina<div>arancina<div>arancina<div>arancina<div>arancina<div>arancina<div>arancina<div>arancina<div>arancina<div>arancina<div>arancina<div>arancina<div>arancina<div>arancina<div>arancina<div>arancina<div>arancina<div>arancina<div>arancina<div>arancina<div>arancina<div>arancina<div>arancina<div>arancina<div>arancina<div>arancina<div>arancina<div>arancina<div>arancina<div>arancina<div>arancina<div>arancina<div>arancina<div>arancina<div>arancina<div>arancina<div>arancina<div>arancina<div>arancina<div>arancina<div>arancina<div>arancina<div>arancina<div>arancina<div>arancina<div>arancina<div>arancina<div>arancina<div>arancina<div>arancina<div>arancina<div>arancina<div>arancina<div>arancina<div>arancina<div>arancina<div>arancina<div>arancina<div>arancina<div>arancina<div>arancina<div>arancina<div>arancina<div>arancina<div>arancina<div>arancina<div>arancina<div>arancina<div>arancina<div>arancina<div>arancina<div>arancina<div>arancina<div>arancina<div>arancina<div>arancina<div>arancina<div>arancina<div>arancina<div>arancina<div>arancina<div>arancina<div>arancina<div>arancina<div>arancina<div>arancina<div>arancina<div>arancina<div>arancina<div>arancina<div>arancina<div>arancina<div>arancina<div>arancina<div>arancina<div>arancina<div>arancina<div>arancina<div>arancina<div>arancina<div>arancina<div>arancina<div>arancina<div>arancina<div>arancina<div>arancina<div>arancina<div>arancina<div>arancina<div>arancina<div>arancina<div>arancina<div>arancina<div>arancina<div>arancina<div>arancina<div>arancina<div>arancina<div>arancina<div>arancina<div>arancina<div>arancina<div>arancina<div>arancina<div>arancina<div>arancina<div>arancina<div>arancina<div>arancina<div>arancina<div>arancina<div>arancina<div>arancina<div>arancina<div>arancina<div>arancina<div>arancina<div>arancina<div>arancina<div>arancina<div>arancina<div>arancina<div>arancina<div>arancina<div>arancina<div>arancina<div>arancina<div>arancina<div>arancina<div>arancina<div>arancina<div>arancina<div>arancina<div>arancina<div>arancina<div>arancina<div>arancina<div>arancina<div>arancina<div>arancina<div>arancina<div>arancina<div>arancina<div>arancina<div>arancina<div>arancina<div>arancina<div>arancina<div>arancina<div>arancina<div>arancina<div>arancina<div>arancina<div>arancina<div>arancina<div>arancina<div>arancina<div>arancina<div>arancina<div>arancina<div>arancina<div>arancina<div>arancina<div>arancina<div>arancina<div>arancina<div>arancina<div>arancina<div>arancina<div>arancina<div>arancina<div>arancina<div>arancina<div>arancina<div>arancina<div>arancina<div>arancina<div>arancina<div>arancina<div>arancina<div>arancina<div>arancina<div>arancina<div>arancina<div>arancina<div>arancina<div>arancina<div>arancina<div>arancina<div>arancina<div>arancina<div>arancina<div>arancina<div>arancina<div>arancina<div>arancina<div>arancina<div>arancina<div>arancina<div>arancina<div>arancina<div>arancina<div>arancina<div>arancina<div>arancina<div>arancina<div>arancina<div>arancina<div>arancina<div>arancina<div>arancina<div>arancina<div>arancina<div>arancina<div>arancina<div>arancina<div>arancina<div>arancina<div>arancina<div>arancina<div>arancina<div>arancina<div>arancina<div>arancina<div>arancina<div>arancina<div>arancina</div></div></div></div></div></div></div></div></div></div></div></div></div></div></div></div></div></div></div></div></div></div></div></div></div></div></div></div></div></div></div></div></div></div></div></div></div></div></div></div></div></div></div></div></div></div></div></div></div></div></div></div></div></div></div></div></div></div></div></div></div></div></div></div></div></div></div></div></div></div></div></div></div></div></div></div></div></div></div></div></div></div></div></div></div></div></div></div></div></div></div></div></div></div></div></div></div></div></div></div></div></div></div></div></div></div></div></div></div></div></div></div></div></div></div></div></div></div></div></div></div></div></div></div></div></div></div></div></div></div></div></div></div></div></div></div></div></div></div></div></div></div></div></div></div></div></div></div></div></div></div></div></div></div></div></div></div></div></div></div></div></div></div></div></div></div></div></div></div></div></div></div></div></div></div></div></div></div></div></div></div></div></div></div></div></div></div></div></div></div></div></div></div></div></div></div></div></div></div></div></div></div></div></div></div></div></div></div></div></div></div></div></div></div></div></div></div></div></div></div></div></div></div></div></div></div></div></div></div></div></div></div></div></div></div></div></div></div></div></div></div></div></div></div></div></div></div></div></div></div></div></div></div></div></div></div></div></div></div></div></div></div></div></div></div></div></div></div></div></div></div></div></div></div></div></div></div></div></div></div></div></div></div></div></div></div></div></div></div></div></div></div></div></div></div></div></div></div></div></div></div></div></div></div></div></div></div></div></div></div></div></div></div></div></div></div></div></div></div></div></div></div></div></div></div></div></div></div></div></div></div></div></div></div></div></div></div></div></div></div></div></div></div></div></div></div></div></div></div></div></div></div></div></div></div></div></div></div></div></div></div></div></div></div></div></div></div></div></div></div></div></div></div></div></div></div></div></div></div></div></div></div></div></div></div></div></div></div></div></div></div></div></div></div></div></div></div></div></div></div></div></div></div></div></div></div></div></div></div></div></div></div></div></div></div></div></div></div></div></div></div></div></div></div></div></div></div></div></div></div></div></div></div></div></div></div></div></div></div></div></div></div></div></div></div></div></div></div></div></div></div></div></div></div></div></div></div></div></div></div></div></div></div></div></div></div></div></div></div></div></div></div></div></div></div></div></div></div></div></div></div></div></div></div></div></div></div></div></div></div></div></div></div></div></div></div></div></div></div></div></div></div></div></div></div></div></div></div></div></div></div></div></div></div></div></div></div></div></div></div></div></div></div></div></div></div></div></div></div></div></div></div></div></div></div></div></div></div></div></div></div></div></div></div></div></div></div></div></div></div></div></div></div></div></div></div></div></div></div></div></div></div></div></div></div></div></div></div></div></div></div></div></div></div></div></div></div></div></div></div></div></div></div></div></div></div></div></div></div></div></div></div></div></div></div></div></div></div></div></div></div></div></div></div></div></div></div></div></div></div></div></div></div></div></div></div></div></div></div></div></div></div></div></div></div></div></div></div></div></div></div></div></div></div></div></div></div></div></div></div></div></div></div></div></div></div></div></div></div></div></div></div></div></div></div></div></div></div></div></div></div></div></div></div></div></div></div></div></div></div></div></div></div></div></div></div></div></div></div></div></div></div></div></div></div></div></div></div></div></div></div></div></div></div></div></div></div></div></div></div></div></div></div></div></div></div></div></div></div></div></div></div></div></div></div></div></div></div></div></div></div></div></div></div></div></div></div></div></div></div></div></div></div></div></div></div></div></div></div></div></div></div></div></div></div></div></div></div></div></div></div></div></div></div></div></div></div></div></div></div></div></div></div></div></div></div></div></div></div></div></div></div></div></div></div></div></div></div></div></div></div></div></div></div></div></div></div></div></div></div></div></div></div></div></div></div></div></div></div></div></div></div></div></div></div></div></div></div></div></div></div></div></div></div></div></div></div></div></div></div></div></div></div></div></div></div></div></div></div></div></div></div></div></div></div></div></div></div></div></div></div></div></div></div></div></div></div></div></div></div></div></div></div></div></div></div></div></div></div></div></div></div></div></div></div></div></div></div></div></div></div></div></div></div></div></div></div></div></div></div></div></div></div></div></div></div></div></div></div></div></div></div></div></div></div></div></div></div></div></div></div></div></div></div></div></div></div></div></div></div></div></div></div></div></div></div></div></div></div></div></div></div></div></div></div></div></div></div></div></div></div></div></div></div></div></div></div></div></div></div></div></div></div></div></div></div></div></div></div></div></div></div></div></div></div></div></div></div></div></div></div></div></div></div></div></div></div></div></div></div></div></div></div></div></div></div></div></div></div></div></div></div></div></div></div></div></div></div></div></div></div></div></div></div></div></div></div></div></div></div>"`;
